// Jest Snapshot v1, https://goo.gl/fbAQLP

exports[`CreateForm component should match snapshot 1`] = `[Function]`;
