// Jest Snapshot v1, https://goo.gl/fbAQLP

exports[`EditForm component should match snapshot 1`] = `[Function]`;
